// Jest Snapshot v1, https://goo.gl/fbAQLP

exports[`Should render addexpense page 1`] = `
<div>
  <h1>
    Add Expense
  </h1>
  <ExxpenseForm
    onSubmit={[Function]}
  />
</div>
`;
