// Jest Snapshot v1, https://goo.gl/fbAQLP

exports[`sholud render editexpense page 1`] = `
<div>
  <ExxpenseForm
    onSubmit={[Function]}
  />
  <button
    onClick={[Function]}
  >
    Remove
  </button>
</div>
`;
